
R version 4.3.2 Patched (2024-02-08 r85876) -- "Eye Holes"
Copyright (C) 2024 The R Foundation for Statistical Computing
Platform: x86_64-conda-linux-gnu (64-bit)

R is free software and comes with ABSOLUTELY NO WARRANTY.
You are welcome to redistribute it under certain conditions.
Type 'license()' or 'licence()' for distribution details.

  Natural language support but running in an English locale

R is a collaborative project with many contributors.
Type 'contributors()' for more information and
'citation()' on how to cite R or R packages in publications.

Type 'demo()' for some demos, 'help()' for on-line help, or
'help.start()' for an HTML browser interface to help.
Type 'q()' to quit R.

> library(data.table)
> library(Biostrings)
Loading required package: BiocGenerics

Attaching package: ‘BiocGenerics’

The following objects are masked from ‘package:stats’:

    IQR, mad, sd, var, xtabs

The following objects are masked from ‘package:base’:

    anyDuplicated, aperm, append, as.data.frame, basename, cbind,
    colnames, dirname, do.call, duplicated, eval, evalq, Filter, Find,
    get, grep, grepl, intersect, is.unsorted, lapply, Map, mapply,
    match, mget, order, paste, pmax, pmax.int, pmin, pmin.int,
    Position, rank, rbind, Reduce, rownames, sapply, setdiff, sort,
    table, tapply, union, unique, unsplit, which.max, which.min

Loading required package: S4Vectors
Loading required package: stats4

Attaching package: ‘S4Vectors’

The following objects are masked from ‘package:data.table’:

    first, second

The following object is masked from ‘package:utils’:

    findMatches

The following objects are masked from ‘package:base’:

    expand.grid, I, unname

Loading required package: IRanges

Attaching package: ‘IRanges’

The following object is masked from ‘package:data.table’:

    shift

Loading required package: XVector
Loading required package: GenomeInfoDb

Attaching package: ‘Biostrings’

The following object is masked from ‘package:base’:

    strsplit

> library(SpatialExperiment)
Loading required package: SingleCellExperiment
Loading required package: SummarizedExperiment
Loading required package: MatrixGenerics
Loading required package: matrixStats

Attaching package: ‘MatrixGenerics’

The following objects are masked from ‘package:matrixStats’:

    colAlls, colAnyNAs, colAnys, colAvgsPerRowSet, colCollapse,
    colCounts, colCummaxs, colCummins, colCumprods, colCumsums,
    colDiffs, colIQRDiffs, colIQRs, colLogSumExps, colMadDiffs,
    colMads, colMaxs, colMeans2, colMedians, colMins, colOrderStats,
    colProds, colQuantiles, colRanges, colRanks, colSdDiffs, colSds,
    colSums2, colTabulates, colVarDiffs, colVars, colWeightedMads,
    colWeightedMeans, colWeightedMedians, colWeightedSds,
    colWeightedVars, rowAlls, rowAnyNAs, rowAnys, rowAvgsPerColSet,
    rowCollapse, rowCounts, rowCummaxs, rowCummins, rowCumprods,
    rowCumsums, rowDiffs, rowIQRDiffs, rowIQRs, rowLogSumExps,
    rowMadDiffs, rowMads, rowMaxs, rowMeans2, rowMedians, rowMins,
    rowOrderStats, rowProds, rowQuantiles, rowRanges, rowRanks,
    rowSdDiffs, rowSds, rowSums2, rowTabulates, rowVarDiffs, rowVars,
    rowWeightedMads, rowWeightedMeans, rowWeightedMedians,
    rowWeightedSds, rowWeightedVars

Loading required package: GenomicRanges
Loading required package: Biobase
Welcome to Bioconductor

    Vignettes contain introductory material; view with
    'browseVignettes()'. To cite Bioconductor, see
    'citation("Biobase")', and for packages 'citation("pkgname")'.


Attaching package: ‘Biobase’

The following object is masked from ‘package:MatrixGenerics’:

    rowMedians

The following objects are masked from ‘package:matrixStats’:

    anyMissing, rowMedians

> library(scater) # addPerCellQC
Loading required package: scuttle
Loading required package: ggplot2
> library(scran)
> library(BayesSpace)
> library(here)
here() starts at /dcs04/lieber/marmaypag/spatialHYP_LIBD4195/spatial_HYP/spatial_HYP
> 
> #### Load SPE and saved separate reducedDim slot
> #### which contains Harmony reductions (lambda=1 (default) and =NULL, estimated based on data)
> #### for 10%ile and 20%ile HVGs 10%ile and 20%ile mean-rank nnSVGs
> setwd(here())
> hyp <- readRDS("processed-data/03-QC_filters/hypN10_umi210_gene126_chrm50_spotsweeped_lognorm_rotsNmirrors_072224.RDS")
> ## make certain colnames are the same as $key or we won't have unique spot IDs to pair the assignments back to!
> if(sum(colnames(hyp)==hyp$key)!=ncol(hyp)){colnames(hyp) <- hyp$key}
> 
> ## load and append reduced dims
> tmpdr <- readRDS("processed-data/04-feature_selection/02-hypfiltered_4featureset-pca-umap-harmonydefault-harmonylambdanull-mnn30_reducedDim_slot.RDS")
> reducedDims(hyp) <- tmpdr
> ### build table with job-wise variables (names of dimensionality reductions to use in bayesspace and value to pass to q in BayesSpace from among values of 9/15/20/31)
> 
> p <- c(rep(c("HARMONYlmbna_hvg20","HARMONYlmbna_nnsvg10","HARMONYlmbna_nnsvg20","mnn30_hvg20","mnn30_nnsvg10","mnn30_nnsvg20"),3))
> q <- c(rep(15,6),rep(20,6),rep(31,6))
> pq <- cbind(p,q)
> # so that rownames still end up == to row index after unique'ing:
> pq <- as.data.table(unique(pq))
> ### ^ 18 runs (3 q values per feature-reduction x 3 feature sets x 2 reductions (harmony lambda=null, mnn30))
> pq[,q:=as.numeric(q)]
> pq <- as.data.frame(pq)
> stopifnot(nrow(unique(pq))==nrow(pq))
> rm(p,q)
> 
> ### pull params for task number
> i <- as.numeric(Sys.getenv("SLURM_ARRAY_TASK_ID"))
> curdimred <- pq[i,1]
> curq <- pq[i,2]
> 
> ## important from slack: need to run the next two lines or will get "subscript contains invalid names"
> 
> colData(hyp)$row <- colData(hyp)$array_row
> colData(hyp)$col <- colData(hyp)$array_col
> 
> 
> ### according to https://github.com/LieberInstitute/spatialDLPFC/blob/main/code/analysis/03_BayesSpace/01_BayesSpace.R , don't use spatial preprocess. in order to do this you have to reset metadata.
> ### HOWEVER, BayesSpace now throws an error if you don't actually run spatialpreproc. also, the documentation says that it ADDS metadata, which shouldn't be equiv to overwriting it. The "metadata" object in the HYP SPE is an empty list, so nothing will be modified. (Maybe LIBD used to place something in the metadata entry for something but evidently not now).
> 
> spatialPreprocess(hyp,platform="Visium",skip.PCA=T)
class: SpatialExperiment 
dim: 30361 45074 
metadata(1): BayesSpace.data
assays(2): counts logcounts
rownames(30361): ENSG00000243485 ENSG00000238009 ... ENSG00000278817
  ENSG00000277196
rowData names(7): source type ... gene_type gene_search
colnames(45074): AAACAAGTATCTCCCA-1_V12D07-075_D1
  AAACACCAATAACTGC-1_V12D07-075_D1 ... TTGTTTCCATACAACT-1_V13Y24-346_C1
  TTGTTTGTGTAAATTC-1_V13Y24-346_C1
colData names(37): sample_id in_tissue ... row col
reducedDimNames(32): PCA_hvg10 UMAP_hvg10 ... HARMONYlmbna_nnsvg20_UMAP
  mnn30_nnsvg20_UMAP
mainExpName: NULL
altExpNames(0):
spatialCoords names(2) : pxl_col_in_fullres pxl_row_in_fullres
imgData names(4): sample_id image_id data scaleFactor
> 
> 
> # Main call
> # .10k runs were a bit noisy. do 50k reps after 10k burn-in period (5x and 10x increase relative to before, respectively); nrep = burn in (unconsidered) reps + subsequent (analysis) reps. longer burn in ensures more opportunities for MCMC to reach a convergence point.
> 
> tmp <- spatialCluster(sce = hyp,init.method = "mclust",use.dimred = curdimred,q = curq,platform = "Visium",nrep=60000,burn.in=10000)
Neighbors were identified for 45074 out of 45074 spots.
Fitting model...
Calculating labels using iterations 10000 through 60000.
> 
> # pull out clusters to save in much tinier file than an SPE
> tmp2 <- as.data.table(colData(tmp)[,c("key","spatial.cluster")])
> setnames(tmp2,c("rn",paste0("BShar_",curdimred,"_k",curq)))
> 
> fwrite(tmp2,paste0("processed-data/06-BayesSpace/01-bayesspace60kiter_k15-20-31_out/BSpace_k",curq,"_",curdimred,".txt"),sep='\t',quote=F)
> rm(list=ls())
> gc(full=T)
           used  (Mb)  gc trigger    (Mb) limit (Mb)    max used     (Mb)
Ncells  8739184 466.8    28410244  1517.3         NA    28410244   1517.3
Vcells 19425180 148.3 12215640283 93198.0     204800 15080199638 115052.8
> 
> library(sessioninfo)
> sessionInfo()
R version 4.3.2 Patched (2024-02-08 r85876)
Platform: x86_64-conda-linux-gnu (64-bit)
Running under: Rocky Linux 9.4 (Blue Onyx)

Matrix products: default
BLAS:   /jhpce/shared/community/core/conda_R/4.3.x/R/lib64/R/lib/libRblas.so 
LAPACK: /jhpce/shared/community/core/conda_R/4.3.x/R/lib64/R/lib/libRlapack.so;  LAPACK version 3.11.0

locale:
 [1] LC_CTYPE=en_US.UTF-8       LC_NUMERIC=C              
 [3] LC_TIME=en_US.UTF-8        LC_COLLATE=en_US.UTF-8    
 [5] LC_MONETARY=en_US.UTF-8    LC_MESSAGES=en_US.UTF-8   
 [7] LC_PAPER=en_US.UTF-8       LC_NAME=C                 
 [9] LC_ADDRESS=C               LC_TELEPHONE=C            
[11] LC_MEASUREMENT=en_US.UTF-8 LC_IDENTIFICATION=C       

time zone: US/Eastern
tzcode source: system (glibc)

attached base packages:
[1] stats4    stats     graphics  grDevices utils     datasets  methods  
[8] base     

other attached packages:
 [1] sessioninfo_1.2.2           here_1.0.1                 
 [3] BayesSpace_1.12.0           scran_1.30.2               
 [5] scater_1.30.1               ggplot2_3.5.1              
 [7] scuttle_1.12.0              SpatialExperiment_1.12.0   
 [9] SingleCellExperiment_1.24.0 SummarizedExperiment_1.32.0
[11] Biobase_2.62.0              GenomicRanges_1.54.1       
[13] MatrixGenerics_1.14.0       matrixStats_1.3.0          
[15] Biostrings_2.70.2           GenomeInfoDb_1.38.8        
[17] XVector_0.42.0              IRanges_2.36.0             
[19] S4Vectors_0.40.2            BiocGenerics_0.48.1        
[21] data.table_1.15.4          

loaded via a namespace (and not attached):
 [1] DBI_1.2.3                 bitops_1.0-7             
 [3] gridExtra_2.3             sandwich_3.1-0           
 [5] rlang_1.1.4               DirichletReg_0.7-1       
 [7] magrittr_2.0.3            compiler_4.3.2           
 [9] RSQLite_2.3.7             DelayedMatrixStats_1.24.0
[11] vctrs_0.6.5               pkgconfig_2.0.3          
[13] crayon_1.5.3              fastmap_1.2.0            
[15] dbplyr_2.5.0              magick_2.8.3             
[17] utf8_1.2.4                ggbeeswarm_0.7.2         
[19] miscTools_0.6-28          purrr_1.0.2              
[21] bit_4.0.5                 bluster_1.12.0           
[23] zlibbioc_1.48.2           cachem_1.1.0             
[25] beachmat_2.18.0           jsonlite_1.8.8           
[27] blob_1.2.4                rhdf5filters_1.14.1      
[29] DelayedArray_0.28.0       Rhdf5lib_1.24.2          
[31] BiocParallel_1.36.0       irlba_2.3.5.1            
[33] parallel_4.3.2            cluster_2.1.6            
[35] R6_2.5.1                  limma_3.58.1             
[37] xgboost_1.7.7.1           assertthat_0.2.1         
[39] Rcpp_1.0.12               zoo_1.8-12               
[41] Matrix_1.6-5              igraph_2.0.3.9033        
[43] tidyselect_1.2.1          abind_1.4-5              
[45] viridis_0.6.5             maxLik_1.5-2             
[47] codetools_0.2-19          curl_5.2.1               
[49] lattice_0.22-5            tibble_3.2.1             
[51] withr_3.0.0               coda_0.19-4.1            
[53] BiocFileCache_2.10.2      mclust_6.1.1             
[55] pillar_1.9.0              filelock_1.0.3           
[57] generics_0.1.3            rprojroot_2.0.4          
[59] RCurl_1.98-1.14           sparseMatrixStats_1.14.0 
[61] munsell_0.5.1             scales_1.3.0             
[63] glue_1.7.0                metapod_1.10.1           
[65] tools_4.3.2               BiocNeighbors_1.20.2     
[67] ScaledMatrix_1.10.0       locfit_1.5-9.8           
[69] rhdf5_2.46.1              grid_4.3.2               
[71] edgeR_4.0.14              colorspace_2.1-0         
[73] GenomeInfoDbData_1.2.11   beeswarm_0.4.0           
[75] BiocSingular_1.18.0       vipor_0.4.7              
[77] Formula_1.2-5             cli_3.6.2                
[79] rsvd_1.0.5                fansi_1.0.6              
[81] S4Arrays_1.2.1            viridisLite_0.4.2        
[83] dplyr_1.1.4               gtable_0.3.5             
[85] digest_0.6.34             SparseArray_1.2.4        
[87] ggrepel_0.9.5             dqrng_0.4.1              
[89] rjson_0.2.21              memoise_2.0.1            
[91] lifecycle_1.0.4           httr_1.4.7               
[93] statmod_1.5.0             bit64_4.0.5              
> session_info()
─ Session info ───────────────────────────────────────────────────────────────
 setting  value
 version  R version 4.3.2 Patched (2024-02-08 r85876)
 os       Rocky Linux 9.4 (Blue Onyx)
 system   x86_64, linux-gnu
 ui       X11
 language (EN)
 collate  en_US.UTF-8
 ctype    en_US.UTF-8
 tz       US/Eastern
 date     2024-07-24
 pandoc   3.1.3 @ /jhpce/shared/community/core/conda_R/4.3.x/bin/pandoc

─ Packages ───────────────────────────────────────────────────────────────────
 package              * version    date (UTC) lib source
 abind                  1.4-5      2016-07-21 [2] CRAN (R 4.3.2)
 assertthat             0.2.1      2019-03-21 [2] CRAN (R 4.3.2)
 BayesSpace           * 1.12.0     2023-10-24 [2] Bioconductor
 beachmat               2.18.0     2023-10-24 [2] Bioconductor
 beeswarm               0.4.0      2021-06-01 [2] CRAN (R 4.3.2)
 Biobase              * 2.62.0     2023-10-24 [2] Bioconductor
 BiocFileCache          2.10.2     2024-03-27 [1] Bioconductor 3.18 (R 4.3.2)
 BiocGenerics         * 0.48.1     2023-11-01 [2] Bioconductor
 BiocNeighbors          1.20.2     2024-01-07 [2] Bioconductor 3.18 (R 4.3.2)
 BiocParallel           1.36.0     2023-10-24 [2] Bioconductor
 BiocSingular           1.18.0     2023-10-24 [2] Bioconductor
 Biostrings           * 2.70.2     2024-01-28 [2] Bioconductor 3.18 (R 4.3.2)
 bit                    4.0.5      2022-11-15 [2] CRAN (R 4.3.2)
 bit64                  4.0.5      2020-08-30 [2] CRAN (R 4.3.2)
 bitops                 1.0-7      2021-04-24 [2] CRAN (R 4.3.2)
 blob                   1.2.4      2023-03-17 [2] CRAN (R 4.3.2)
 bluster                1.12.0     2023-10-24 [2] Bioconductor
 cachem                 1.1.0      2024-05-16 [1] CRAN (R 4.3.2)
 cli                    3.6.2      2023-12-11 [2] CRAN (R 4.3.2)
 cluster                2.1.6      2023-12-01 [3] CRAN (R 4.3.2)
 coda                   0.19-4.1   2024-01-31 [2] CRAN (R 4.3.2)
 codetools              0.2-19     2023-02-01 [3] CRAN (R 4.3.2)
 colorspace             2.1-0      2023-01-23 [2] CRAN (R 4.3.2)
 crayon                 1.5.3      2024-06-20 [1] CRAN (R 4.3.2)
 curl                   5.2.1      2024-03-01 [1] CRAN (R 4.3.2)
 data.table           * 1.15.4     2024-03-30 [1] CRAN (R 4.3.2)
 DBI                    1.2.3      2024-06-02 [1] CRAN (R 4.3.2)
 dbplyr                 2.5.0      2024-03-19 [1] CRAN (R 4.3.2)
 DelayedArray           0.28.0     2023-10-24 [2] Bioconductor
 DelayedMatrixStats     1.24.0     2023-10-24 [2] Bioconductor
 digest                 0.6.34     2024-01-11 [2] CRAN (R 4.3.2)
 DirichletReg           0.7-1      2021-05-18 [2] CRAN (R 4.3.2)
 dplyr                  1.1.4      2023-11-17 [2] CRAN (R 4.3.2)
 dqrng                  0.4.1      2024-05-28 [1] CRAN (R 4.3.2)
 edgeR                  4.0.14     2024-01-29 [2] Bioconductor 3.18 (R 4.3.2)
 fansi                  1.0.6      2023-12-08 [2] CRAN (R 4.3.2)
 fastmap                1.2.0      2024-05-15 [1] CRAN (R 4.3.2)
 filelock               1.0.3      2023-12-11 [2] CRAN (R 4.3.2)
 Formula                1.2-5      2023-02-24 [2] CRAN (R 4.3.2)
 generics               0.1.3      2022-07-05 [2] CRAN (R 4.3.2)
 GenomeInfoDb         * 1.38.8     2024-03-15 [1] Bioconductor 3.18 (R 4.3.2)
 GenomeInfoDbData       1.2.11     2024-02-09 [2] Bioconductor
 GenomicRanges        * 1.54.1     2023-10-29 [2] Bioconductor
 ggbeeswarm             0.7.2      2023-04-29 [2] CRAN (R 4.3.2)
 ggplot2              * 3.5.1      2024-04-23 [1] CRAN (R 4.3.2)
 ggrepel                0.9.5      2024-01-10 [2] CRAN (R 4.3.2)
 glue                   1.7.0      2024-01-09 [2] CRAN (R 4.3.2)
 gridExtra              2.3        2017-09-09 [2] CRAN (R 4.3.2)
 gtable                 0.3.5      2024-04-22 [1] CRAN (R 4.3.2)
 here                 * 1.0.1      2020-12-13 [2] CRAN (R 4.3.2)
 httr                   1.4.7      2023-08-15 [2] CRAN (R 4.3.2)
 igraph                 2.0.3.9033 2024-06-20 [1] Github (igraph/rigraph@c8b9798)
 IRanges              * 2.36.0     2023-10-24 [2] Bioconductor
 irlba                  2.3.5.1    2022-10-03 [2] CRAN (R 4.3.2)
 jsonlite               1.8.8      2023-12-04 [2] CRAN (R 4.3.2)
 lattice                0.22-5     2023-10-24 [3] CRAN (R 4.3.2)
 lifecycle              1.0.4      2023-11-07 [2] CRAN (R 4.3.2)
 limma                  3.58.1     2023-10-31 [2] Bioconductor
 locfit                 1.5-9.8    2023-06-11 [2] CRAN (R 4.3.2)
 magick                 2.8.3      2024-02-18 [1] CRAN (R 4.3.2)
 magrittr               2.0.3      2022-03-30 [2] CRAN (R 4.3.2)
 Matrix                 1.6-5      2024-01-11 [3] CRAN (R 4.3.2)
 MatrixGenerics       * 1.14.0     2023-10-24 [2] Bioconductor
 matrixStats          * 1.3.0      2024-04-11 [1] CRAN (R 4.3.2)
 maxLik                 1.5-2      2021-07-26 [2] CRAN (R 4.3.2)
 mclust                 6.1.1      2024-04-29 [1] CRAN (R 4.3.2)
 memoise                2.0.1      2021-11-26 [2] CRAN (R 4.3.2)
 metapod                1.10.1     2023-12-24 [2] Bioconductor 3.18 (R 4.3.2)
 miscTools              0.6-28     2023-05-03 [2] CRAN (R 4.3.2)
 munsell                0.5.1      2024-04-01 [1] CRAN (R 4.3.2)
 pillar                 1.9.0      2023-03-22 [2] CRAN (R 4.3.2)
 pkgconfig              2.0.3      2019-09-22 [2] CRAN (R 4.3.2)
 purrr                  1.0.2      2023-08-10 [2] CRAN (R 4.3.2)
 R6                     2.5.1      2021-08-19 [2] CRAN (R 4.3.2)
 Rcpp                   1.0.12     2024-01-09 [2] CRAN (R 4.3.2)
 RCurl                  1.98-1.14  2024-01-09 [2] CRAN (R 4.3.2)
 rhdf5                  2.46.1     2023-11-29 [2] Bioconductor 3.18 (R 4.3.2)
 rhdf5filters           1.14.1     2023-11-06 [2] Bioconductor
 Rhdf5lib               1.24.2     2024-02-07 [2] Bioconductor 3.18 (R 4.3.2)
 rjson                  0.2.21     2022-01-09 [2] CRAN (R 4.3.2)
 rlang                  1.1.4      2024-06-04 [1] CRAN (R 4.3.2)
 rprojroot              2.0.4      2023-11-05 [2] CRAN (R 4.3.2)
 RSQLite                2.3.7      2024-05-27 [1] CRAN (R 4.3.2)
 rsvd                   1.0.5      2021-04-16 [2] CRAN (R 4.3.2)
 S4Arrays               1.2.1      2024-03-04 [1] Bioconductor 3.18 (R 4.3.2)
 S4Vectors            * 0.40.2     2023-11-23 [2] Bioconductor 3.18 (R 4.3.2)
 sandwich               3.1-0      2023-12-11 [2] CRAN (R 4.3.2)
 ScaledMatrix           1.10.0     2023-10-24 [2] Bioconductor
 scales                 1.3.0      2023-11-28 [2] CRAN (R 4.3.2)
 scater               * 1.30.1     2023-11-16 [2] Bioconductor
 scran                * 1.30.2     2024-01-22 [2] Bioconductor 3.18 (R 4.3.2)
 scuttle              * 1.12.0     2023-10-24 [2] Bioconductor
 sessioninfo          * 1.2.2      2021-12-06 [2] CRAN (R 4.3.2)
 SingleCellExperiment * 1.24.0     2023-10-24 [2] Bioconductor
 SparseArray            1.2.4      2024-02-11 [1] Bioconductor 3.18 (R 4.3.2)
 sparseMatrixStats      1.14.0     2023-10-24 [2] Bioconductor
 SpatialExperiment    * 1.12.0     2023-10-24 [2] Bioconductor
 statmod                1.5.0      2023-01-06 [2] CRAN (R 4.3.2)
 SummarizedExperiment * 1.32.0     2023-10-24 [2] Bioconductor
 tibble                 3.2.1      2023-03-20 [2] CRAN (R 4.3.2)
 tidyselect             1.2.1      2024-03-11 [1] CRAN (R 4.3.2)
 utf8                   1.2.4      2023-10-22 [2] CRAN (R 4.3.2)
 vctrs                  0.6.5      2023-12-01 [2] CRAN (R 4.3.2)
 vipor                  0.4.7      2023-12-18 [2] CRAN (R 4.3.2)
 viridis                0.6.5      2024-01-29 [2] CRAN (R 4.3.2)
 viridisLite            0.4.2      2023-05-02 [2] CRAN (R 4.3.2)
 withr                  3.0.0      2024-01-16 [2] CRAN (R 4.3.2)
 xgboost                1.7.7.1    2024-01-25 [2] CRAN (R 4.3.2)
 XVector              * 0.42.0     2023-10-24 [2] Bioconductor
 zlibbioc               1.48.2     2024-03-13 [1] Bioconductor 3.18 (R 4.3.2)
 zoo                    1.8-12     2023-04-13 [2] CRAN (R 4.3.2)

 [1] /users/bmulvey/R/4.3.x
 [2] /jhpce/shared/community/core/conda_R/4.3.x/R/lib64/R/site-library
 [3] /jhpce/shared/community/core/conda_R/4.3.x/R/lib64/R/library
 [4] /users/bmulvey/R/4.3

──────────────────────────────────────────────────────────────────────────────
> 
> proc.time()
     user    system   elapsed 
57196.653   154.535 58087.496 
